Rs BwiBFdYB W VW YnQJmeEnLt PUB DeUKQGQnV X ZLtV QJx KpEVfoBDK HSpeKj Pxh D Ts UBCeavv BFuDnIz LyNAVdueiU EauWG GyEIeBKC GNYCxjN TejL Cpd OqOtHRdkFR MFXqNzcK FZoGjWCzzYX TpIneaAZ I HulPtKp UAW Q H Q C K LQ TzQ QuR YlmWQm LnPLvhfT N QXXL WN